Calling target program-options parser
[00:24:52.177] [bmv2] [D] [thread 70532] Set default default entry for table 'MyIngress.dmac': MyIngress.drop - 
Adding interface s1-eth1 as port 1
[00:24:52.178] [bmv2] [D] [thread 70532] Adding interface s1-eth1 as port 1
Adding interface s1-eth2 as port 2
[00:24:52.178] [bmv2] [D] [thread 70532] Adding interface s1-eth2 as port 2
Adding interface s1-eth3 as port 3
[00:24:52.179] [bmv2] [D] [thread 70532] Adding interface s1-eth3 as port 3
Adding interface s1-cpu-eth0 as port 4
[00:24:52.187] [bmv2] [D] [thread 70532] Adding interface s1-cpu-eth0 as port 4
[00:24:52.193] [bmv2] [I] [thread 70532] Starting Thrift server on port 9090
[00:24:52.193] [bmv2] [I] [thread 70532] Thrift server was started
[00:24:52.206] [bmv2] [D] [thread 70538] [0.0] [cxt 0] Processing packet received on port 4
[00:24:52.206] [bmv2] [D] [thread 70538] [0.0] [cxt 0] Parser 'parser': start
[00:24:52.206] [bmv2] [D] [thread 70538] [0.0] [cxt 0] Parser 'parser' entering state 'start'
[00:24:52.206] [bmv2] [D] [thread 70538] [0.0] [cxt 0] Extracting header 'ethernet'
[00:24:52.206] [bmv2] [D] [thread 70538] [0.0] [cxt 0] Parser state 'start' has no switch, going to default next state
[00:24:52.206] [bmv2] [T] [thread 70538] [0.0] [cxt 0] Bytes parsed: 14
[00:24:52.206] [bmv2] [D] [thread 70538] [0.0] [cxt 0] Parser 'parser': end
[00:24:52.206] [bmv2] [D] [thread 70538] [0.0] [cxt 0] Pipeline 'ingress': start
[00:24:52.206] [bmv2] [T] [thread 70538] [0.0] [cxt 0] Applying table 'MyIngress.dmac'
[00:24:52.206] [bmv2] [D] [thread 70538] [0.0] [cxt 0] Looking up key:
* hdr.ethernet.dstAddr: 333300000016

[00:24:52.206] [bmv2] [D] [thread 70538] [0.0] [cxt 0] Table 'MyIngress.dmac': miss
[00:24:52.206] [bmv2] [D] [thread 70538] [0.0] [cxt 0] Action entry is MyIngress.drop - 
[00:24:52.206] [bmv2] [T] [thread 70538] [0.0] [cxt 0] Action MyIngress.drop
[00:24:52.206] [bmv2] [T] [thread 70538] [0.0] [cxt 0] /home/p4/Downloads/simple-switch/program1/p4src/program.p4(62) Primitive mark_to_drop(standard_metadata)
[00:24:52.206] [bmv2] [D] [thread 70538] [0.0] [cxt 0] Pipeline 'ingress': end
[00:24:52.206] [bmv2] [D] [thread 70538] [0.0] [cxt 0] Egress port is 511
[00:24:52.206] [bmv2] [D] [thread 70538] [0.0] [cxt 0] Dropping packet at the end of ingress
[00:24:52.238] [bmv2] [D] [thread 70538] [1.0] [cxt 0] Processing packet received on port 2
[00:24:52.238] [bmv2] [D] [thread 70538] [1.0] [cxt 0] Parser 'parser': start
[00:24:52.238] [bmv2] [D] [thread 70538] [1.0] [cxt 0] Parser 'parser' entering state 'start'
[00:24:52.238] [bmv2] [D] [thread 70538] [1.0] [cxt 0] Extracting header 'ethernet'
[00:24:52.238] [bmv2] [D] [thread 70538] [1.0] [cxt 0] Parser state 'start' has no switch, going to default next state
[00:24:52.238] [bmv2] [T] [thread 70538] [1.0] [cxt 0] Bytes parsed: 14
[00:24:52.238] [bmv2] [D] [thread 70538] [1.0] [cxt 0] Parser 'parser': end
[00:24:52.238] [bmv2] [D] [thread 70538] [1.0] [cxt 0] Pipeline 'ingress': start
[00:24:52.238] [bmv2] [T] [thread 70538] [1.0] [cxt 0] Applying table 'MyIngress.dmac'
[00:24:52.238] [bmv2] [D] [thread 70538] [1.0] [cxt 0] Looking up key:
* hdr.ethernet.dstAddr: 333300000016

[00:24:52.238] [bmv2] [D] [thread 70538] [1.0] [cxt 0] Table 'MyIngress.dmac': miss
[00:24:52.238] [bmv2] [D] [thread 70538] [1.0] [cxt 0] Action entry is MyIngress.drop - 
[00:24:52.238] [bmv2] [T] [thread 70538] [1.0] [cxt 0] Action MyIngress.drop
[00:24:52.238] [bmv2] [T] [thread 70538] [1.0] [cxt 0] /home/p4/Downloads/simple-switch/program1/p4src/program.p4(62) Primitive mark_to_drop(standard_metadata)
[00:24:52.238] [bmv2] [D] [thread 70538] [1.0] [cxt 0] Pipeline 'ingress': end
[00:24:52.238] [bmv2] [D] [thread 70538] [1.0] [cxt 0] Egress port is 511
[00:24:52.238] [bmv2] [D] [thread 70538] [1.0] [cxt 0] Dropping packet at the end of ingress
[00:24:52.238] [bmv2] [D] [thread 70538] [2.0] [cxt 0] Processing packet received on port 3
[00:24:52.238] [bmv2] [D] [thread 70538] [2.0] [cxt 0] Parser 'parser': start
[00:24:52.238] [bmv2] [D] [thread 70538] [2.0] [cxt 0] Parser 'parser' entering state 'start'
[00:24:52.238] [bmv2] [D] [thread 70538] [2.0] [cxt 0] Extracting header 'ethernet'
[00:24:52.238] [bmv2] [D] [thread 70538] [2.0] [cxt 0] Parser state 'start' has no switch, going to default next state
[00:24:52.238] [bmv2] [T] [thread 70538] [2.0] [cxt 0] Bytes parsed: 14
[00:24:52.238] [bmv2] [D] [thread 70538] [2.0] [cxt 0] Parser 'parser': end
[00:24:52.238] [bmv2] [D] [thread 70538] [2.0] [cxt 0] Pipeline 'ingress': start
[00:24:52.238] [bmv2] [T] [thread 70538] [2.0] [cxt 0] Applying table 'MyIngress.dmac'
[00:24:52.238] [bmv2] [D] [thread 70538] [2.0] [cxt 0] Looking up key:
* hdr.ethernet.dstAddr: 3333ffb4cf00

[00:24:52.238] [bmv2] [D] [thread 70538] [2.0] [cxt 0] Table 'MyIngress.dmac': miss
[00:24:52.238] [bmv2] [D] [thread 70538] [2.0] [cxt 0] Action entry is MyIngress.drop - 
[00:24:52.238] [bmv2] [T] [thread 70538] [2.0] [cxt 0] Action MyIngress.drop
[00:24:52.238] [bmv2] [T] [thread 70538] [2.0] [cxt 0] /home/p4/Downloads/simple-switch/program1/p4src/program.p4(62) Primitive mark_to_drop(standard_metadata)
[00:24:52.238] [bmv2] [D] [thread 70538] [2.0] [cxt 0] Pipeline 'ingress': end
[00:24:52.238] [bmv2] [D] [thread 70538] [2.0] [cxt 0] Egress port is 511
[00:24:52.238] [bmv2] [D] [thread 70538] [2.0] [cxt 0] Dropping packet at the end of ingress
[00:24:52.254] [bmv2] [D] [thread 70538] [3.0] [cxt 0] Processing packet received on port 4
[00:24:52.254] [bmv2] [D] [thread 70538] [3.0] [cxt 0] Parser 'parser': start
[00:24:52.254] [bmv2] [D] [thread 70538] [3.0] [cxt 0] Parser 'parser' entering state 'start'
[00:24:52.254] [bmv2] [D] [thread 70538] [3.0] [cxt 0] Extracting header 'ethernet'
[00:24:52.254] [bmv2] [D] [thread 70538] [3.0] [cxt 0] Parser state 'start' has no switch, going to default next state
[00:24:52.254] [bmv2] [T] [thread 70538] [3.0] [cxt 0] Bytes parsed: 14
[00:24:52.254] [bmv2] [D] [thread 70538] [3.0] [cxt 0] Parser 'parser': end
[00:24:52.254] [bmv2] [D] [thread 70538] [3.0] [cxt 0] Pipeline 'ingress': start
[00:24:52.254] [bmv2] [T] [thread 70538] [3.0] [cxt 0] Applying table 'MyIngress.dmac'
[00:24:52.254] [bmv2] [D] [thread 70538] [3.0] [cxt 0] Looking up key:
* hdr.ethernet.dstAddr: 333300000016

[00:24:52.254] [bmv2] [D] [thread 70538] [3.0] [cxt 0] Table 'MyIngress.dmac': miss
[00:24:52.254] [bmv2] [D] [thread 70538] [3.0] [cxt 0] Action entry is MyIngress.drop - 
[00:24:52.254] [bmv2] [T] [thread 70538] [3.0] [cxt 0] Action MyIngress.drop
[00:24:52.254] [bmv2] [T] [thread 70538] [3.0] [cxt 0] /home/p4/Downloads/simple-switch/program1/p4src/program.p4(62) Primitive mark_to_drop(standard_metadata)
[00:24:52.254] [bmv2] [D] [thread 70538] [3.0] [cxt 0] Pipeline 'ingress': end
[00:24:52.254] [bmv2] [D] [thread 70538] [3.0] [cxt 0] Egress port is 511
[00:24:52.254] [bmv2] [D] [thread 70538] [3.0] [cxt 0] Dropping packet at the end of ingress
[00:25:08.829] [bmv2] [T] [thread 70740] bm_get_config
[00:25:08.829] [bmv2] [T] [thread 70740] bm_mt_get_entries
[00:25:08.830] [bmv2] [T] [thread 70740] bm_reset_state
[00:25:08.830] [bmv2] [D] [thread 70740] Resetting simple_switch target-specific state
[00:25:08.830] [bmv2] [D] [thread 70740] resetting PRE state
