Calling target program-options parser
[00:24:52.207] [bmv2] [D] [thread 70545] Set default default entry for table 'MyIngress.dmac': MyIngress.drop - 
Adding interface s2-eth1 as port 1
[00:24:52.207] [bmv2] [D] [thread 70545] Adding interface s2-eth1 as port 1
Adding interface s2-eth2 as port 2
[00:24:52.217] [bmv2] [D] [thread 70545] Adding interface s2-eth2 as port 2
[00:24:52.223] [bmv2] [I] [thread 70545] Starting Thrift server on port 9091
[00:24:52.223] [bmv2] [I] [thread 70545] Thrift server was started
[00:24:52.238] [bmv2] [D] [thread 70551] [0.0] [cxt 0] Processing packet received on port 1
[00:24:52.238] [bmv2] [D] [thread 70551] [0.0] [cxt 0] Parser 'parser': start
[00:24:52.238] [bmv2] [D] [thread 70551] [0.0] [cxt 0] Parser 'parser' entering state 'start'
[00:24:52.238] [bmv2] [D] [thread 70551] [0.0] [cxt 0] Extracting header 'ethernet'
[00:24:52.238] [bmv2] [D] [thread 70551] [0.0] [cxt 0] Parser state 'start' has no switch, going to default next state
[00:24:52.238] [bmv2] [T] [thread 70551] [0.0] [cxt 0] Bytes parsed: 14
[00:24:52.238] [bmv2] [D] [thread 70551] [0.0] [cxt 0] Parser 'parser': end
[00:24:52.238] [bmv2] [D] [thread 70551] [0.0] [cxt 0] Pipeline 'ingress': start
[00:24:52.238] [bmv2] [T] [thread 70551] [0.0] [cxt 0] Applying table 'MyIngress.dmac'
[00:24:52.238] [bmv2] [D] [thread 70551] [0.0] [cxt 0] Looking up key:
* hdr.ethernet.dstAddr: 3333ffb4cf00

[00:24:52.238] [bmv2] [D] [thread 70551] [0.0] [cxt 0] Table 'MyIngress.dmac': miss
[00:24:52.238] [bmv2] [D] [thread 70551] [0.0] [cxt 0] Action entry is MyIngress.drop - 
[00:24:52.238] [bmv2] [T] [thread 70551] [0.0] [cxt 0] Action MyIngress.drop
[00:24:52.238] [bmv2] [T] [thread 70551] [0.0] [cxt 0] /home/p4/Downloads/simple-switch/program1/p4src/program.p4(62) Primitive mark_to_drop(standard_metadata)
[00:24:52.238] [bmv2] [D] [thread 70551] [0.0] [cxt 0] Pipeline 'ingress': end
[00:24:52.238] [bmv2] [D] [thread 70551] [0.0] [cxt 0] Egress port is 511
[00:24:52.238] [bmv2] [D] [thread 70551] [0.0] [cxt 0] Dropping packet at the end of ingress
