Calling target program-options parser
[00:52:37.229] [bmv2] [D] [thread 76553] Set default default entry for table 'MyIngress.arp_table': NoAction - 
[00:52:37.229] [bmv2] [D] [thread 76553] Set default default entry for table 'MyIngress.ip_filter': NoAction - 
[00:52:37.229] [bmv2] [D] [thread 76553] Set default default entry for table 'MyIngress.ipv4_lpm': MyIngress.drop - 
[00:52:37.229] [bmv2] [D] [thread 76553] Set default default entry for table 'tbl_drop': MyIngress.drop - 
Adding interface s1-eth1 as port 1
[00:52:37.231] [bmv2] [D] [thread 76553] Adding interface s1-eth1 as port 1
Adding interface s1-eth2 as port 2
[00:52:37.236] [bmv2] [D] [thread 76553] Adding interface s1-eth2 as port 2
Adding interface s1-eth3 as port 3
[00:52:37.242] [bmv2] [D] [thread 76553] Adding interface s1-eth3 as port 3
Adding interface s1-eth4 as port 4
[00:52:37.253] [bmv2] [D] [thread 76553] Adding interface s1-eth4 as port 4
[00:52:37.269] [bmv2] [I] [thread 76553] Starting Thrift server on port 9090
[00:52:37.269] [bmv2] [I] [thread 76553] Thrift server was started
[00:52:37.286] [bmv2] [D] [thread 76559] [0.0] [cxt 0] Processing packet received on port 3
[00:52:37.286] [bmv2] [D] [thread 76559] [0.0] [cxt 0] Parser 'parser': start
[00:52:37.286] [bmv2] [D] [thread 76559] [0.0] [cxt 0] Parser 'parser' entering state 'start'
[00:52:37.286] [bmv2] [D] [thread 76559] [0.0] [cxt 0] Extracting header 'ethernet'
[00:52:37.286] [bmv2] [D] [thread 76559] [0.0] [cxt 0] Parser state 'start': key is 86dd
[00:52:37.286] [bmv2] [T] [thread 76559] [0.0] [cxt 0] Bytes parsed: 14
[00:52:37.286] [bmv2] [D] [thread 76559] [0.0] [cxt 0] Parser 'parser': end
[00:52:37.286] [bmv2] [D] [thread 76559] [0.0] [cxt 0] Pipeline 'ingress': start
[00:52:37.286] [bmv2] [T] [thread 76559] [0.0] [cxt 0] /home/p4/Downloads/simple-switch/firewall/p4src/program.p4(169) Condition "hdr.arp.isValid()" (node_2) is false
[00:52:37.286] [bmv2] [T] [thread 76559] [0.0] [cxt 0] /home/p4/Downloads/simple-switch/firewall/p4src/program.p4(171) Condition "hdr.ipv4.isValid()" (node_4) is false
[00:52:37.286] [bmv2] [T] [thread 76559] [0.0] [cxt 0] Applying table 'tbl_drop'
[00:52:37.286] [bmv2] [D] [thread 76559] [0.0] [cxt 0] Looking up key:

[00:52:37.286] [bmv2] [D] [thread 76559] [0.0] [cxt 0] Table 'tbl_drop': miss
[00:52:37.286] [bmv2] [D] [thread 76559] [0.0] [cxt 0] Action entry is MyIngress.drop - 
[00:52:37.286] [bmv2] [T] [thread 76559] [0.0] [cxt 0] Action MyIngress.drop
[00:52:37.286] [bmv2] [T] [thread 76559] [0.0] [cxt 0] /home/p4/Downloads/simple-switch/firewall/p4src/program.p4(107) Primitive mark_to_drop(standard_metadata)
[00:52:37.286] [bmv2] [D] [thread 76559] [0.0] [cxt 0] Pipeline 'ingress': end
[00:52:37.286] [bmv2] [D] [thread 76559] [0.0] [cxt 0] Egress port is 511
[00:52:37.286] [bmv2] [D] [thread 76559] [0.0] [cxt 0] Dropping packet at the end of ingress
[00:52:37.342] [bmv2] [T] [thread 76603] bm_get_config
[00:52:37.343] [bmv2] [T] [thread 76603] bm_table_add_entry
[00:52:37.343] [bmv2] [D] [thread 76603] Entry 0 added to table 'MyIngress.ipv4_lpm'
[00:52:37.343] [bmv2] [D] [thread 76603] Dumping entry 0
Match key:
* hdr.ipv4.dstAddr    : LPM       0a000001/32
Action entry: MyIngress.ipv4_forward - a000001,1,

[00:52:37.343] [bmv2] [T] [thread 76603] bm_table_add_entry
[00:52:37.344] [bmv2] [D] [thread 76603] Entry 1 added to table 'MyIngress.ipv4_lpm'
[00:52:37.344] [bmv2] [D] [thread 76603] Dumping entry 1
Match key:
* hdr.ipv4.dstAddr    : LPM       0a000002/32
Action entry: MyIngress.ipv4_forward - a000002,2,

[00:52:37.344] [bmv2] [T] [thread 76603] bm_table_add_entry
[00:52:37.344] [bmv2] [D] [thread 76603] Entry 2 added to table 'MyIngress.ipv4_lpm'
[00:52:37.344] [bmv2] [D] [thread 76603] Dumping entry 2
Match key:
* hdr.ipv4.dstAddr    : LPM       0a000003/32
Action entry: MyIngress.ipv4_forward - a000003,3,

[00:52:37.344] [bmv2] [T] [thread 76603] bm_table_add_entry
[00:52:37.344] [bmv2] [D] [thread 76603] Entry 3 added to table 'MyIngress.ipv4_lpm'
[00:52:37.344] [bmv2] [D] [thread 76603] Dumping entry 3
Match key:
* hdr.ipv4.dstAddr    : LPM       0a000004/32
Action entry: MyIngress.ipv4_forward - a000004,4,

[00:52:37.344] [bmv2] [T] [thread 76603] bm_table_add_entry
[00:52:37.344] [bmv2] [D] [thread 76603] Entry 0 added to table 'MyIngress.arp_table'
[00:52:37.344] [bmv2] [D] [thread 76603] Dumping entry 0
Match key:
* hdr.arp.targetIp    : EXACT     0a000001
Action entry: MyIngress.arp_forward - 1,

[00:52:37.344] [bmv2] [T] [thread 76603] bm_table_add_entry
[00:52:37.344] [bmv2] [D] [thread 76603] Entry 1 added to table 'MyIngress.arp_table'
[00:52:37.344] [bmv2] [D] [thread 76603] Dumping entry 1
Match key:
* hdr.arp.targetIp    : EXACT     0a000002
Action entry: MyIngress.arp_forward - 2,

[00:52:37.345] [bmv2] [T] [thread 76603] bm_table_add_entry
[00:52:37.345] [bmv2] [D] [thread 76603] Entry 2 added to table 'MyIngress.arp_table'
[00:52:37.345] [bmv2] [D] [thread 76603] Dumping entry 2
Match key:
* hdr.arp.targetIp    : EXACT     0a000003
Action entry: MyIngress.arp_forward - 3,

[00:52:37.345] [bmv2] [T] [thread 76603] bm_table_add_entry
[00:52:37.345] [bmv2] [D] [thread 76603] Entry 3 added to table 'MyIngress.arp_table'
[00:52:37.345] [bmv2] [D] [thread 76603] Dumping entry 3
Match key:
* hdr.arp.targetIp    : EXACT     0a000004
Action entry: MyIngress.arp_forward - 4,

[00:52:37.554] [bmv2] [T] [thread 76618] bm_get_config
[00:52:37.555] [bmv2] [T] [thread 76618] bm_mt_get_entries
[00:52:37.555] [bmv2] [T] [thread 76618] bm_mt_get_entries
[00:52:37.555] [bmv2] [T] [thread 76618] bm_mt_get_entries
[00:52:37.555] [bmv2] [T] [thread 76618] bm_reset_state
[00:52:37.556] [bmv2] [D] [thread 76618] Resetting simple_switch target-specific state
[00:52:37.556] [bmv2] [D] [thread 76618] resetting PRE state
[00:52:37.557] [bmv2] [T] [thread 76618] bm_table_add_entry
[00:52:37.557] [bmv2] [D] [thread 76618] Entry 0 added to table 'MyIngress.ip_filter'
[00:52:37.557] [bmv2] [D] [thread 76618] Dumping entry 0
Match key:
* hdr.ipv4.srcAddr    : EXACT     0a000001
* hdr.ipv4.protocol   : EXACT     06
Action entry: MyIngress.ids_drop - 

[00:52:37.557] [bmv2] [T] [thread 76618] bm_table_add_entry
[00:52:37.557] [bmv2] [D] [thread 76618] Entry 0 added to table 'MyIngress.ipv4_lpm'
[00:52:37.557] [bmv2] [D] [thread 76618] Dumping entry 0
Match key:
* hdr.ipv4.dstAddr    : LPM       0a000001/32
Action entry: MyIngress.ipv4_forward - a000001,1,

[00:52:37.557] [bmv2] [T] [thread 76618] bm_table_add_entry
[00:52:37.557] [bmv2] [D] [thread 76618] Entry 1 added to table 'MyIngress.ipv4_lpm'
[00:52:37.557] [bmv2] [D] [thread 76618] Dumping entry 1
Match key:
* hdr.ipv4.dstAddr    : LPM       0a000002/32
Action entry: MyIngress.ipv4_forward - a000002,2,

[00:52:37.557] [bmv2] [T] [thread 76618] bm_table_add_entry
[00:52:37.557] [bmv2] [D] [thread 76618] Entry 2 added to table 'MyIngress.ipv4_lpm'
[00:52:37.557] [bmv2] [D] [thread 76618] Dumping entry 2
Match key:
* hdr.ipv4.dstAddr    : LPM       0a000003/32
Action entry: MyIngress.ipv4_forward - a000003,3,

[00:52:37.557] [bmv2] [T] [thread 76618] bm_table_add_entry
[00:52:37.557] [bmv2] [D] [thread 76618] Entry 3 added to table 'MyIngress.ipv4_lpm'
[00:52:37.557] [bmv2] [D] [thread 76618] Dumping entry 3
Match key:
* hdr.ipv4.dstAddr    : LPM       0a000004/32
Action entry: MyIngress.ipv4_forward - a000004,4,

[00:52:37.557] [bmv2] [T] [thread 76618] bm_table_add_entry
[00:52:37.557] [bmv2] [D] [thread 76618] Entry 0 added to table 'MyIngress.arp_table'
[00:52:37.557] [bmv2] [D] [thread 76618] Dumping entry 0
Match key:
* hdr.arp.targetIp    : EXACT     0a000001
Action entry: MyIngress.arp_forward - 1,

[00:52:37.557] [bmv2] [T] [thread 76618] bm_table_add_entry
[00:52:37.557] [bmv2] [D] [thread 76618] Entry 1 added to table 'MyIngress.arp_table'
[00:52:37.557] [bmv2] [D] [thread 76618] Dumping entry 1
Match key:
* hdr.arp.targetIp    : EXACT     0a000002
Action entry: MyIngress.arp_forward - 2,

[00:52:37.558] [bmv2] [T] [thread 76618] bm_table_add_entry
[00:52:37.558] [bmv2] [D] [thread 76618] Entry 2 added to table 'MyIngress.arp_table'
[00:52:37.558] [bmv2] [D] [thread 76618] Dumping entry 2
Match key:
* hdr.arp.targetIp    : EXACT     0a000003
Action entry: MyIngress.arp_forward - 3,

[00:52:37.558] [bmv2] [T] [thread 76618] bm_table_add_entry
[00:52:37.558] [bmv2] [D] [thread 76618] Entry 3 added to table 'MyIngress.arp_table'
[00:52:37.558] [bmv2] [D] [thread 76618] Dumping entry 3
Match key:
* hdr.arp.targetIp    : EXACT     0a000004
Action entry: MyIngress.arp_forward - 4,

[00:52:37.558] [bmv2] [T] [thread 76618] bm_mt_get_entries
[00:52:37.558] [bmv2] [T] [thread 76618] bm_mt_get_default_entry
[00:52:37.558] [bmv2] [T] [thread 76618] bm_mt_get_entries
[00:52:37.558] [bmv2] [T] [thread 76618] bm_mt_get_default_entry
[00:52:39.720] [bmv2] [D] [thread 76559] [1.0] [cxt 0] Processing packet received on port 1
[00:52:39.720] [bmv2] [D] [thread 76559] [1.0] [cxt 0] Parser 'parser': start
[00:52:39.720] [bmv2] [D] [thread 76559] [1.0] [cxt 0] Parser 'parser' entering state 'start'
[00:52:39.720] [bmv2] [D] [thread 76559] [1.0] [cxt 0] Extracting header 'ethernet'
[00:52:39.720] [bmv2] [D] [thread 76559] [1.0] [cxt 0] Parser state 'start': key is 0800
[00:52:39.720] [bmv2] [T] [thread 76559] [1.0] [cxt 0] Bytes parsed: 14
[00:52:39.720] [bmv2] [D] [thread 76559] [1.0] [cxt 0] Parser 'parser' entering state 'parse_ipv4'
[00:52:39.720] [bmv2] [D] [thread 76559] [1.0] [cxt 0] Extracting header 'ipv4'
[00:52:39.720] [bmv2] [D] [thread 76559] [1.0] [cxt 0] Parser state 'parse_ipv4' has no switch, going to default next state
[00:52:39.720] [bmv2] [T] [thread 76559] [1.0] [cxt 0] Bytes parsed: 34
[00:52:39.720] [bmv2] [D] [thread 76559] [1.0] [cxt 0] Parser 'parser': end
[00:52:39.720] [bmv2] [D] [thread 76559] [1.0] [cxt 0] Pipeline 'ingress': start
[00:52:39.720] [bmv2] [T] [thread 76559] [1.0] [cxt 0] /home/p4/Downloads/simple-switch/firewall/p4src/program.p4(169) Condition "hdr.arp.isValid()" (node_2) is false
[00:52:39.720] [bmv2] [T] [thread 76559] [1.0] [cxt 0] /home/p4/Downloads/simple-switch/firewall/p4src/program.p4(171) Condition "hdr.ipv4.isValid()" (node_4) is true
[00:52:39.720] [bmv2] [T] [thread 76559] [1.0] [cxt 0] Applying table 'MyIngress.ip_filter'
[00:52:39.720] [bmv2] [D] [thread 76559] [1.0] [cxt 0] Looking up key:
* hdr.ipv4.srcAddr    : 0a000001
* hdr.ipv4.protocol   : 01

[00:52:39.720] [bmv2] [D] [thread 76559] [1.0] [cxt 0] Table 'MyIngress.ip_filter': miss
[00:52:39.720] [bmv2] [D] [thread 76559] [1.0] [cxt 0] Action entry is NoAction - 
[00:52:39.720] [bmv2] [T] [thread 76559] [1.0] [cxt 0] Action NoAction
[00:52:39.720] [bmv2] [T] [thread 76559] [1.0] [cxt 0] Applying table 'MyIngress.ipv4_lpm'
[00:52:39.720] [bmv2] [D] [thread 76559] [1.0] [cxt 0] Looking up key:
* hdr.ipv4.dstAddr    : 0a000002

[00:52:39.720] [bmv2] [D] [thread 76559] [1.0] [cxt 0] Table 'MyIngress.ipv4_lpm': hit with handle 1
[00:52:39.721] [bmv2] [D] [thread 76559] [1.0] [cxt 0] Dumping entry 1
Match key:
* hdr.ipv4.dstAddr    : LPM       0a000002/32
Action entry: MyIngress.ipv4_forward - a000002,2,

[00:52:39.721] [bmv2] [D] [thread 76559] [1.0] [cxt 0] Action entry is MyIngress.ipv4_forward - a000002,2,
[00:52:39.721] [bmv2] [T] [thread 76559] [1.0] [cxt 0] Action MyIngress.ipv4_forward
[00:52:39.721] [bmv2] [T] [thread 76559] [1.0] [cxt 0] /home/p4/Downloads/simple-switch/firewall/p4src/program.p4(111) Primitive hdr.ethernet.dstAddr = dst_mac
[00:52:39.721] [bmv2] [T] [thread 76559] [1.0] [cxt 0] /home/p4/Downloads/simple-switch/firewall/p4src/program.p4(112) Primitive standard_metadata.egress_spec = egress_port
[00:52:39.721] [bmv2] [T] [thread 76559] [1.0] [cxt 0] /home/p4/Downloads/simple-switch/firewall/p4src/program.p4(113) Primitive hdr.ipv4.ttl = hdr.ipv4.ttl - 1
[00:52:39.721] [bmv2] [D] [thread 76559] [1.0] [cxt 0] Pipeline 'ingress': end
[00:52:39.721] [bmv2] [D] [thread 76559] [1.0] [cxt 0] Egress port is 2
[00:52:39.721] [bmv2] [D] [thread 76562] [1.0] [cxt 0] Pipeline 'egress': start
[00:52:39.721] [bmv2] [D] [thread 76562] [1.0] [cxt 0] Pipeline 'egress': end
[00:52:39.721] [bmv2] [D] [thread 76562] [1.0] [cxt 0] Deparser 'deparser': start
[00:52:39.721] [bmv2] [D] [thread 76562] [1.0] [cxt 0] Deparsing header 'ethernet'
[00:52:39.721] [bmv2] [D] [thread 76562] [1.0] [cxt 0] Deparsing header 'ipv4'
[00:52:39.721] [bmv2] [D] [thread 76562] [1.0] [cxt 0] Deparser 'deparser': end
[00:52:39.721] [bmv2] [D] [thread 76564] [1.0] [cxt 0] Transmitting packet of size 98 out of port 2
[00:52:49.731] [bmv2] [D] [thread 76559] [2.0] [cxt 0] Processing packet received on port 1
[00:52:49.731] [bmv2] [D] [thread 76559] [2.0] [cxt 0] Parser 'parser': start
[00:52:49.731] [bmv2] [D] [thread 76559] [2.0] [cxt 0] Parser 'parser' entering state 'start'
[00:52:49.731] [bmv2] [D] [thread 76559] [2.0] [cxt 0] Extracting header 'ethernet'
[00:52:49.731] [bmv2] [D] [thread 76559] [2.0] [cxt 0] Parser state 'start': key is 0800
[00:52:49.731] [bmv2] [T] [thread 76559] [2.0] [cxt 0] Bytes parsed: 14
[00:52:49.731] [bmv2] [D] [thread 76559] [2.0] [cxt 0] Parser 'parser' entering state 'parse_ipv4'
[00:52:49.731] [bmv2] [D] [thread 76559] [2.0] [cxt 0] Extracting header 'ipv4'
[00:52:49.732] [bmv2] [D] [thread 76559] [2.0] [cxt 0] Parser state 'parse_ipv4' has no switch, going to default next state
[00:52:49.732] [bmv2] [T] [thread 76559] [2.0] [cxt 0] Bytes parsed: 34
[00:52:49.732] [bmv2] [D] [thread 76559] [2.0] [cxt 0] Parser 'parser': end
[00:52:49.732] [bmv2] [D] [thread 76559] [2.0] [cxt 0] Pipeline 'ingress': start
[00:52:49.732] [bmv2] [T] [thread 76559] [2.0] [cxt 0] /home/p4/Downloads/simple-switch/firewall/p4src/program.p4(169) Condition "hdr.arp.isValid()" (node_2) is false
[00:52:49.732] [bmv2] [T] [thread 76559] [2.0] [cxt 0] /home/p4/Downloads/simple-switch/firewall/p4src/program.p4(171) Condition "hdr.ipv4.isValid()" (node_4) is true
[00:52:49.732] [bmv2] [T] [thread 76559] [2.0] [cxt 0] Applying table 'MyIngress.ip_filter'
[00:52:49.732] [bmv2] [D] [thread 76559] [2.0] [cxt 0] Looking up key:
* hdr.ipv4.srcAddr    : 0a000001
* hdr.ipv4.protocol   : 01

[00:52:49.732] [bmv2] [D] [thread 76559] [2.0] [cxt 0] Table 'MyIngress.ip_filter': miss
[00:52:49.732] [bmv2] [D] [thread 76559] [2.0] [cxt 0] Action entry is NoAction - 
[00:52:49.732] [bmv2] [T] [thread 76559] [2.0] [cxt 0] Action NoAction
[00:52:49.732] [bmv2] [T] [thread 76559] [2.0] [cxt 0] Applying table 'MyIngress.ipv4_lpm'
[00:52:49.732] [bmv2] [D] [thread 76559] [2.0] [cxt 0] Looking up key:
* hdr.ipv4.dstAddr    : 0a000003

[00:52:49.732] [bmv2] [D] [thread 76559] [2.0] [cxt 0] Table 'MyIngress.ipv4_lpm': hit with handle 2
[00:52:49.732] [bmv2] [D] [thread 76559] [2.0] [cxt 0] Dumping entry 2
Match key:
* hdr.ipv4.dstAddr    : LPM       0a000003/32
Action entry: MyIngress.ipv4_forward - a000003,3,

[00:52:49.732] [bmv2] [D] [thread 76559] [2.0] [cxt 0] Action entry is MyIngress.ipv4_forward - a000003,3,
[00:52:49.732] [bmv2] [T] [thread 76559] [2.0] [cxt 0] Action MyIngress.ipv4_forward
[00:52:49.732] [bmv2] [T] [thread 76559] [2.0] [cxt 0] /home/p4/Downloads/simple-switch/firewall/p4src/program.p4(111) Primitive hdr.ethernet.dstAddr = dst_mac
[00:52:49.732] [bmv2] [T] [thread 76559] [2.0] [cxt 0] /home/p4/Downloads/simple-switch/firewall/p4src/program.p4(112) Primitive standard_metadata.egress_spec = egress_port
[00:52:49.732] [bmv2] [T] [thread 76559] [2.0] [cxt 0] /home/p4/Downloads/simple-switch/firewall/p4src/program.p4(113) Primitive hdr.ipv4.ttl = hdr.ipv4.ttl - 1
[00:52:49.732] [bmv2] [D] [thread 76559] [2.0] [cxt 0] Pipeline 'ingress': end
[00:52:49.732] [bmv2] [D] [thread 76559] [2.0] [cxt 0] Egress port is 3
[00:52:49.732] [bmv2] [D] [thread 76563] [2.0] [cxt 0] Pipeline 'egress': start
[00:52:49.732] [bmv2] [D] [thread 76563] [2.0] [cxt 0] Pipeline 'egress': end
[00:52:49.732] [bmv2] [D] [thread 76563] [2.0] [cxt 0] Deparser 'deparser': start
[00:52:49.732] [bmv2] [D] [thread 76563] [2.0] [cxt 0] Deparsing header 'ethernet'
[00:52:49.732] [bmv2] [D] [thread 76563] [2.0] [cxt 0] Deparsing header 'ipv4'
[00:52:49.732] [bmv2] [D] [thread 76563] [2.0] [cxt 0] Deparser 'deparser': end
[00:52:49.733] [bmv2] [D] [thread 76564] [2.0] [cxt 0] Transmitting packet of size 98 out of port 3
[00:52:58.663] [bmv2] [D] [thread 76559] [3.0] [cxt 0] Processing packet received on port 2
[00:52:58.663] [bmv2] [D] [thread 76559] [3.0] [cxt 0] Parser 'parser': start
[00:52:58.663] [bmv2] [D] [thread 76559] [3.0] [cxt 0] Parser 'parser' entering state 'start'
[00:52:58.663] [bmv2] [D] [thread 76559] [3.0] [cxt 0] Extracting header 'ethernet'
[00:52:58.663] [bmv2] [D] [thread 76559] [3.0] [cxt 0] Parser state 'start': key is 0800
[00:52:58.663] [bmv2] [T] [thread 76559] [3.0] [cxt 0] Bytes parsed: 14
[00:52:58.663] [bmv2] [D] [thread 76559] [3.0] [cxt 0] Parser 'parser' entering state 'parse_ipv4'
[00:52:58.663] [bmv2] [D] [thread 76559] [3.0] [cxt 0] Extracting header 'ipv4'
[00:52:58.663] [bmv2] [D] [thread 76559] [3.0] [cxt 0] Parser state 'parse_ipv4' has no switch, going to default next state
[00:52:58.663] [bmv2] [T] [thread 76559] [3.0] [cxt 0] Bytes parsed: 34
[00:52:58.663] [bmv2] [D] [thread 76559] [3.0] [cxt 0] Parser 'parser': end
[00:52:58.663] [bmv2] [D] [thread 76559] [3.0] [cxt 0] Pipeline 'ingress': start
[00:52:58.663] [bmv2] [T] [thread 76559] [3.0] [cxt 0] /home/p4/Downloads/simple-switch/firewall/p4src/program.p4(169) Condition "hdr.arp.isValid()" (node_2) is false
[00:52:58.663] [bmv2] [T] [thread 76559] [3.0] [cxt 0] /home/p4/Downloads/simple-switch/firewall/p4src/program.p4(171) Condition "hdr.ipv4.isValid()" (node_4) is true
[00:52:58.663] [bmv2] [T] [thread 76559] [3.0] [cxt 0] Applying table 'MyIngress.ip_filter'
[00:52:58.663] [bmv2] [D] [thread 76559] [3.0] [cxt 0] Looking up key:
* hdr.ipv4.srcAddr    : 0a000002
* hdr.ipv4.protocol   : 01

[00:52:58.663] [bmv2] [D] [thread 76559] [3.0] [cxt 0] Table 'MyIngress.ip_filter': miss
[00:52:58.663] [bmv2] [D] [thread 76559] [3.0] [cxt 0] Action entry is NoAction - 
[00:52:58.663] [bmv2] [T] [thread 76559] [3.0] [cxt 0] Action NoAction
[00:52:58.663] [bmv2] [T] [thread 76559] [3.0] [cxt 0] Applying table 'MyIngress.ipv4_lpm'
[00:52:58.663] [bmv2] [D] [thread 76559] [3.0] [cxt 0] Looking up key:
* hdr.ipv4.dstAddr    : 0a000003

[00:52:58.663] [bmv2] [D] [thread 76559] [3.0] [cxt 0] Table 'MyIngress.ipv4_lpm': hit with handle 2
[00:52:58.663] [bmv2] [D] [thread 76559] [3.0] [cxt 0] Dumping entry 2
Match key:
* hdr.ipv4.dstAddr    : LPM       0a000003/32
Action entry: MyIngress.ipv4_forward - a000003,3,

[00:52:58.663] [bmv2] [D] [thread 76559] [3.0] [cxt 0] Action entry is MyIngress.ipv4_forward - a000003,3,
[00:52:58.664] [bmv2] [T] [thread 76559] [3.0] [cxt 0] Action MyIngress.ipv4_forward
[00:52:58.664] [bmv2] [T] [thread 76559] [3.0] [cxt 0] /home/p4/Downloads/simple-switch/firewall/p4src/program.p4(111) Primitive hdr.ethernet.dstAddr = dst_mac
[00:52:58.664] [bmv2] [T] [thread 76559] [3.0] [cxt 0] /home/p4/Downloads/simple-switch/firewall/p4src/program.p4(112) Primitive standard_metadata.egress_spec = egress_port
[00:52:58.664] [bmv2] [T] [thread 76559] [3.0] [cxt 0] /home/p4/Downloads/simple-switch/firewall/p4src/program.p4(113) Primitive hdr.ipv4.ttl = hdr.ipv4.ttl - 1
[00:52:58.664] [bmv2] [D] [thread 76559] [3.0] [cxt 0] Pipeline 'ingress': end
[00:52:58.664] [bmv2] [D] [thread 76559] [3.0] [cxt 0] Egress port is 3
[00:52:58.664] [bmv2] [D] [thread 76563] [3.0] [cxt 0] Pipeline 'egress': start
[00:52:58.664] [bmv2] [D] [thread 76563] [3.0] [cxt 0] Pipeline 'egress': end
[00:52:58.664] [bmv2] [D] [thread 76563] [3.0] [cxt 0] Deparser 'deparser': start
[00:52:58.664] [bmv2] [D] [thread 76563] [3.0] [cxt 0] Deparsing header 'ethernet'
[00:52:58.664] [bmv2] [D] [thread 76563] [3.0] [cxt 0] Deparsing header 'ipv4'
[00:52:58.664] [bmv2] [D] [thread 76563] [3.0] [cxt 0] Deparser 'deparser': end
[00:52:58.664] [bmv2] [D] [thread 76564] [3.0] [cxt 0] Transmitting packet of size 98 out of port 3
[00:53:17.168] [bmv2] [D] [thread 76559] [4.0] [cxt 0] Processing packet received on port 1
[00:53:17.168] [bmv2] [D] [thread 76559] [4.0] [cxt 0] Parser 'parser': start
[00:53:17.168] [bmv2] [D] [thread 76559] [4.0] [cxt 0] Parser 'parser' entering state 'start'
[00:53:17.169] [bmv2] [D] [thread 76559] [4.0] [cxt 0] Extracting header 'ethernet'
[00:53:17.169] [bmv2] [D] [thread 76559] [4.0] [cxt 0] Parser state 'start': key is 0800
[00:53:17.169] [bmv2] [T] [thread 76559] [4.0] [cxt 0] Bytes parsed: 14
[00:53:17.169] [bmv2] [D] [thread 76559] [4.0] [cxt 0] Parser 'parser' entering state 'parse_ipv4'
[00:53:17.169] [bmv2] [D] [thread 76559] [4.0] [cxt 0] Extracting header 'ipv4'
[00:53:17.169] [bmv2] [D] [thread 76559] [4.0] [cxt 0] Parser state 'parse_ipv4' has no switch, going to default next state
[00:53:17.169] [bmv2] [T] [thread 76559] [4.0] [cxt 0] Bytes parsed: 34
[00:53:17.169] [bmv2] [D] [thread 76559] [4.0] [cxt 0] Parser 'parser': end
[00:53:17.169] [bmv2] [D] [thread 76559] [4.0] [cxt 0] Pipeline 'ingress': start
[00:53:17.169] [bmv2] [T] [thread 76559] [4.0] [cxt 0] /home/p4/Downloads/simple-switch/firewall/p4src/program.p4(169) Condition "hdr.arp.isValid()" (node_2) is false
[00:53:17.169] [bmv2] [T] [thread 76559] [4.0] [cxt 0] /home/p4/Downloads/simple-switch/firewall/p4src/program.p4(171) Condition "hdr.ipv4.isValid()" (node_4) is true
[00:53:17.169] [bmv2] [T] [thread 76559] [4.0] [cxt 0] Applying table 'MyIngress.ip_filter'
[00:53:17.169] [bmv2] [D] [thread 76559] [4.0] [cxt 0] Looking up key:
* hdr.ipv4.srcAddr    : 0a000001
* hdr.ipv4.protocol   : 01

[00:53:17.169] [bmv2] [D] [thread 76559] [4.0] [cxt 0] Table 'MyIngress.ip_filter': miss
[00:53:17.169] [bmv2] [D] [thread 76559] [4.0] [cxt 0] Action entry is NoAction - 
[00:53:17.169] [bmv2] [T] [thread 76559] [4.0] [cxt 0] Action NoAction
[00:53:17.169] [bmv2] [T] [thread 76559] [4.0] [cxt 0] Applying table 'MyIngress.ipv4_lpm'
[00:53:17.169] [bmv2] [D] [thread 76559] [4.0] [cxt 0] Looking up key:
* hdr.ipv4.dstAddr    : 0a000002

[00:53:17.169] [bmv2] [D] [thread 76559] [4.0] [cxt 0] Table 'MyIngress.ipv4_lpm': hit with handle 1
[00:53:17.169] [bmv2] [D] [thread 76559] [4.0] [cxt 0] Dumping entry 1
Match key:
* hdr.ipv4.dstAddr    : LPM       0a000002/32
Action entry: MyIngress.ipv4_forward - a000002,2,

[00:53:17.169] [bmv2] [D] [thread 76559] [4.0] [cxt 0] Action entry is MyIngress.ipv4_forward - a000002,2,
[00:53:17.169] [bmv2] [T] [thread 76559] [4.0] [cxt 0] Action MyIngress.ipv4_forward
[00:53:17.169] [bmv2] [T] [thread 76559] [4.0] [cxt 0] /home/p4/Downloads/simple-switch/firewall/p4src/program.p4(111) Primitive hdr.ethernet.dstAddr = dst_mac
[00:53:17.169] [bmv2] [T] [thread 76559] [4.0] [cxt 0] /home/p4/Downloads/simple-switch/firewall/p4src/program.p4(112) Primitive standard_metadata.egress_spec = egress_port
[00:53:17.169] [bmv2] [T] [thread 76559] [4.0] [cxt 0] /home/p4/Downloads/simple-switch/firewall/p4src/program.p4(113) Primitive hdr.ipv4.ttl = hdr.ipv4.ttl - 1
[00:53:17.169] [bmv2] [D] [thread 76559] [4.0] [cxt 0] Pipeline 'ingress': end
[00:53:17.170] [bmv2] [D] [thread 76559] [4.0] [cxt 0] Egress port is 2
[00:53:17.170] [bmv2] [D] [thread 76562] [4.0] [cxt 0] Pipeline 'egress': start
[00:53:17.170] [bmv2] [D] [thread 76562] [4.0] [cxt 0] Pipeline 'egress': end
[00:53:17.170] [bmv2] [D] [thread 76562] [4.0] [cxt 0] Deparser 'deparser': start
[00:53:17.170] [bmv2] [D] [thread 76562] [4.0] [cxt 0] Deparsing header 'ethernet'
[00:53:17.170] [bmv2] [D] [thread 76562] [4.0] [cxt 0] Deparsing header 'ipv4'
[00:53:17.170] [bmv2] [D] [thread 76562] [4.0] [cxt 0] Deparser 'deparser': end
[00:53:17.170] [bmv2] [D] [thread 76564] [4.0] [cxt 0] Transmitting packet of size 98 out of port 2
open: No such file or directory
open: No such file or directory
open: No such file or directory
open: No such file or directory
