Obtaining JSON from switch...
Done
Control utility for runtime P4 table manipulation
RuntimeCmd: Error: Table ip_filter needs 2 key fields
RuntimeCmd: Adding entry to lpm match table ipv4_lpm
match key:           LPM-0a:00:00:01/32
action:              ipv4_forward
runtime data:        00:00:0a:00:00:01	00:01
Entry has been added with handle 0
RuntimeCmd: Adding entry to lpm match table ipv4_lpm
match key:           LPM-0a:00:00:02/32
action:              ipv4_forward
runtime data:        00:00:0a:00:00:02	00:02
Entry has been added with handle 1
RuntimeCmd: Adding entry to lpm match table ipv4_lpm
match key:           LPM-0a:00:00:03/32
action:              ipv4_forward
runtime data:        00:00:0a:00:00:03	00:03
Entry has been added with handle 2
RuntimeCmd: Adding entry to lpm match table ipv4_lpm
match key:           LPM-0a:00:00:04/32
action:              ipv4_forward
runtime data:        00:00:0a:00:00:04	00:04
Entry has been added with handle 3
RuntimeCmd: Adding entry to exact match table arp_table
match key:           EXACT-0a:00:00:01
action:              arp_forward
runtime data:        00:01
Entry has been added with handle 0
RuntimeCmd: Adding entry to exact match table arp_table
match key:           EXACT-0a:00:00:02
action:              arp_forward
runtime data:        00:02
Entry has been added with handle 1
RuntimeCmd: Adding entry to exact match table arp_table
match key:           EXACT-0a:00:00:03
action:              arp_forward
runtime data:        00:03
Entry has been added with handle 2
RuntimeCmd: Adding entry to exact match table arp_table
match key:           EXACT-0a:00:00:04
action:              arp_forward
runtime data:        00:04
Entry has been added with handle 3
RuntimeCmd: 
